
Discarded input sections

 .text          0x00000000        0x0 ..\obj\stm32f4xx_syscfg.o
 .data          0x00000000        0x0 ..\obj\stm32f4xx_syscfg.o
 .bss           0x00000000        0x0 ..\obj\stm32f4xx_syscfg.o
 .text.SYSCFG_DeInit
                0x00000000       0x1c ..\obj\stm32f4xx_syscfg.o
 .text.SYSCFG_MemoryRemapConfig
                0x00000000       0x20 ..\obj\stm32f4xx_syscfg.o
 .text.SYSCFG_ETH_MediaInterfaceConfig
                0x00000000       0x1c ..\obj\stm32f4xx_syscfg.o
 .text.SYSCFG_CompensationCellCmd
                0x00000000       0x20 ..\obj\stm32f4xx_syscfg.o
 .text.SYSCFG_GetCompensationCellStatus
                0x00000000       0x34 ..\obj\stm32f4xx_syscfg.o
 .text          0x00000000        0x0 ..\obj\startup_stm32f4xx.o
 .data          0x00000000        0x0 ..\obj\startup_stm32f4xx.o
 .bss           0x00000000        0x0 ..\obj\startup_stm32f4xx.o
 .text          0x00000000        0x0 ..\obj\main.o
 .data          0x00000000        0x0 ..\obj\main.o
 .text.pulsoLed
                0x00000000       0x28 ..\obj\main.o
 .text.Delay    0x00000000       0x20 ..\obj\main.o
 .text          0x00000000        0x0 ..\obj\stm32f4xx_rcc.o
 .data          0x00000000       0x10 ..\obj\stm32f4xx_rcc.o
 .bss           0x00000000        0x0 ..\obj\stm32f4xx_rcc.o
 .text.RCC_DeInit
                0x00000000       0x50 ..\obj\stm32f4xx_rcc.o
 .text.RCC_HSEConfig
                0x00000000       0x24 ..\obj\stm32f4xx_rcc.o
 .text.RCC_WaitForHSEStartUp
                0x00000000       0x50 ..\obj\stm32f4xx_rcc.o
 .text.RCC_AdjustHSICalibrationValue
                0x00000000       0x3c ..\obj\stm32f4xx_rcc.o
 .text.RCC_HSICmd
                0x00000000       0x20 ..\obj\stm32f4xx_rcc.o
 .text.RCC_LSEConfig
                0x00000000       0x40 ..\obj\stm32f4xx_rcc.o
 .text.RCC_LSICmd
                0x00000000       0x20 ..\obj\stm32f4xx_rcc.o
 .text.RCC_PLLConfig
                0x00000000       0x3c ..\obj\stm32f4xx_rcc.o
 .text.RCC_PLLCmd
                0x00000000       0x20 ..\obj\stm32f4xx_rcc.o
 .text.RCC_PLLI2SConfig
                0x00000000       0x28 ..\obj\stm32f4xx_rcc.o
 .text.RCC_PLLI2SCmd
                0x00000000       0x20 ..\obj\stm32f4xx_rcc.o
 .text.RCC_ClockSecuritySystemCmd
                0x00000000       0x20 ..\obj\stm32f4xx_rcc.o
 .text.RCC_MCO1Config
                0x00000000       0x3c ..\obj\stm32f4xx_rcc.o
 .text.RCC_MCO2Config
                0x00000000       0x3c ..\obj\stm32f4xx_rcc.o
 .text.RCC_SYSCLKConfig
                0x00000000       0x38 ..\obj\stm32f4xx_rcc.o
 .text.RCC_GetSYSCLKSource
                0x00000000       0x20 ..\obj\stm32f4xx_rcc.o
 .text.RCC_HCLKConfig
                0x00000000       0x38 ..\obj\stm32f4xx_rcc.o
 .text.RCC_PCLK1Config
                0x00000000       0x38 ..\obj\stm32f4xx_rcc.o
 .text.RCC_PCLK2Config
                0x00000000       0x38 ..\obj\stm32f4xx_rcc.o
 .text.RCC_GetClocksFreq
                0x00000000      0x154 ..\obj\stm32f4xx_rcc.o
 .text.RCC_RTCCLKConfig
                0x00000000       0x5c ..\obj\stm32f4xx_rcc.o
 .text.RCC_RTCCLKCmd
                0x00000000       0x20 ..\obj\stm32f4xx_rcc.o
 .text.RCC_BackupResetCmd
                0x00000000       0x20 ..\obj\stm32f4xx_rcc.o
 .text.RCC_I2SCLKConfig
                0x00000000       0x1c ..\obj\stm32f4xx_rcc.o
 .text.RCC_AHB2PeriphClockCmd
                0x00000000       0x3c ..\obj\stm32f4xx_rcc.o
 .text.RCC_AHB3PeriphClockCmd
                0x00000000       0x3c ..\obj\stm32f4xx_rcc.o
 .text.RCC_APB2PeriphClockCmd
                0x00000000       0x3c ..\obj\stm32f4xx_rcc.o
 .text.RCC_AHB1PeriphResetCmd
                0x00000000       0x3c ..\obj\stm32f4xx_rcc.o
 .text.RCC_AHB2PeriphResetCmd
                0x00000000       0x3c ..\obj\stm32f4xx_rcc.o
 .text.RCC_AHB3PeriphResetCmd
                0x00000000       0x3c ..\obj\stm32f4xx_rcc.o
 .text.RCC_APB1PeriphResetCmd
                0x00000000       0x3c ..\obj\stm32f4xx_rcc.o
 .text.RCC_APB2PeriphResetCmd
                0x00000000       0x3c ..\obj\stm32f4xx_rcc.o
 .text.RCC_AHB1PeriphClockLPModeCmd
                0x00000000       0x3c ..\obj\stm32f4xx_rcc.o
 .text.RCC_AHB2PeriphClockLPModeCmd
                0x00000000       0x3c ..\obj\stm32f4xx_rcc.o
 .text.RCC_AHB3PeriphClockLPModeCmd
                0x00000000       0x3c ..\obj\stm32f4xx_rcc.o
 .text.RCC_APB1PeriphClockLPModeCmd
                0x00000000       0x3c ..\obj\stm32f4xx_rcc.o
 .text.RCC_APB2PeriphClockLPModeCmd
                0x00000000       0x3c ..\obj\stm32f4xx_rcc.o
 .text.RCC_ITConfig
                0x00000000       0x48 ..\obj\stm32f4xx_rcc.o
 .text.RCC_GetFlagStatus
                0x00000000       0x74 ..\obj\stm32f4xx_rcc.o
 .text.RCC_ClearFlag
                0x00000000       0x1c ..\obj\stm32f4xx_rcc.o
 .text.RCC_GetITStatus
                0x00000000       0x38 ..\obj\stm32f4xx_rcc.o
 .text.RCC_ClearITPendingBit
                0x00000000       0x20 ..\obj\stm32f4xx_rcc.o
 .text          0x00000000        0x0 ..\obj\stm32f4xx_gpio.o
 .data          0x00000000        0x0 ..\obj\stm32f4xx_gpio.o
 .bss           0x00000000        0x0 ..\obj\stm32f4xx_gpio.o
 .text.GPIO_DeInit
                0x00000000      0x120 ..\obj\stm32f4xx_gpio.o
 .text.GPIO_StructInit
                0x00000000       0x34 ..\obj\stm32f4xx_gpio.o
 .text.GPIO_PinLockConfig
                0x00000000       0x44 ..\obj\stm32f4xx_gpio.o
 .text.GPIO_ReadInputDataBit
                0x00000000       0x34 ..\obj\stm32f4xx_gpio.o
 .text.GPIO_ReadInputData
                0x00000000       0x1c ..\obj\stm32f4xx_gpio.o
 .text.GPIO_ReadOutputDataBit
                0x00000000       0x34 ..\obj\stm32f4xx_gpio.o
 .text.GPIO_ReadOutputData
                0x00000000       0x1c ..\obj\stm32f4xx_gpio.o
 .text.GPIO_SetBits
                0x00000000       0x1c ..\obj\stm32f4xx_gpio.o
 .text.GPIO_ResetBits
                0x00000000       0x1c ..\obj\stm32f4xx_gpio.o
 .text.GPIO_WriteBit
                0x00000000       0x30 ..\obj\stm32f4xx_gpio.o
 .text.GPIO_Write
                0x00000000       0x1c ..\obj\stm32f4xx_gpio.o
 .text.GPIO_PinAFConfig
                0x00000000       0x8c ..\obj\stm32f4xx_gpio.o
 .text          0x00000000        0x0 ..\obj\system_stm32f4xx.o
 .data          0x00000000       0x14 ..\obj\system_stm32f4xx.o
 .bss           0x00000000        0x0 ..\obj\system_stm32f4xx.o
 .text.SystemInit
                0x00000000       0x58 ..\obj\system_stm32f4xx.o
 .text.SystemCoreClockUpdate
                0x00000000       0xf8 ..\obj\system_stm32f4xx.o
 .text.SetSysClock
                0x00000000       0xf4 ..\obj\system_stm32f4xx.o
 .debug_info    0x00000000      0x592 ..\obj\system_stm32f4xx.o
 .debug_abbrev  0x00000000      0x136 ..\obj\system_stm32f4xx.o
 .debug_aranges
                0x00000000       0x30 ..\obj\system_stm32f4xx.o
 .debug_ranges  0x00000000       0x20 ..\obj\system_stm32f4xx.o
 .debug_line    0x00000000      0x23a ..\obj\system_stm32f4xx.o
 .debug_str     0x00000000      0x3cc ..\obj\system_stm32f4xx.o
 .comment       0x00000000       0x71 ..\obj\system_stm32f4xx.o
 .ARM.attributes
                0x00000000       0x33 ..\obj\system_stm32f4xx.o
 .debug_frame   0x00000000       0x64 ..\obj\system_stm32f4xx.o
 .text          0x00000000        0x0 ..\obj\bsp.o
 .bss           0x00000000        0x2 ..\obj\bsp.o
 .text.led_on   0x00000000       0x30 ..\obj\bsp.o
 .text.led_off  0x00000000       0x30 ..\obj\bsp.o
 .text.sw_getState
                0x00000000       0x18 ..\obj\bsp.o
 .text          0x00000000        0x0 ..\obj\stm32f4xx_exti.o
 .data          0x00000000        0x0 ..\obj\stm32f4xx_exti.o
 .bss           0x00000000        0x0 ..\obj\stm32f4xx_exti.o
 .text.EXTI_DeInit
                0x00000000       0x34 ..\obj\stm32f4xx_exti.o
 .text.EXTI_StructInit
                0x00000000       0x2c ..\obj\stm32f4xx_exti.o
 .text.EXTI_GenerateSWInterrupt
                0x00000000       0x24 ..\obj\stm32f4xx_exti.o
 .text.EXTI_GetFlagStatus
                0x00000000       0x34 ..\obj\stm32f4xx_exti.o
 .text.EXTI_ClearITPendingBit
                0x00000000       0x1c ..\obj\stm32f4xx_exti.o
 .text          0x00000000        0x0 ..\obj\misc.o
 .data          0x00000000        0x0 ..\obj\misc.o
 .bss           0x00000000        0x0 ..\obj\misc.o
 .text.NVIC_PriorityGroupConfig
                0x00000000       0x24 ..\obj\misc.o
 .text.NVIC_SetVectorTable
                0x00000000       0x2c ..\obj\misc.o
 .text.NVIC_SystemLPConfig
                0x00000000       0x40 ..\obj\misc.o
 .text.SysTick_CLKSourceConfig
                0x00000000       0x38 ..\obj\misc.o
 .text          0x00000000        0x0 ..\obj\stm32f4xx_tim.o
 .data          0x00000000        0x0 ..\obj\stm32f4xx_tim.o
 .bss           0x00000000        0x0 ..\obj\stm32f4xx_tim.o
 .text.TIM_DeInit
                0x00000000      0x1bc ..\obj\stm32f4xx_tim.o
 .text.TIM_TimeBaseStructInit
                0x00000000       0x34 ..\obj\stm32f4xx_tim.o
 .text.TIM_PrescalerConfig
                0x00000000       0x28 ..\obj\stm32f4xx_tim.o
 .text.TIM_CounterModeConfig
                0x00000000       0x38 ..\obj\stm32f4xx_tim.o
 .text.TIM_SetCounter
                0x00000000       0x1c ..\obj\stm32f4xx_tim.o
 .text.TIM_SetAutoreload
                0x00000000       0x1c ..\obj\stm32f4xx_tim.o
 .text.TIM_GetCounter
                0x00000000       0x18 ..\obj\stm32f4xx_tim.o
 .text.TIM_GetPrescaler
                0x00000000       0x1c ..\obj\stm32f4xx_tim.o
 .text.TIM_UpdateDisableConfig
                0x00000000       0x40 ..\obj\stm32f4xx_tim.o
 .text.TIM_UpdateRequestConfig
                0x00000000       0x40 ..\obj\stm32f4xx_tim.o
 .text.TIM_ARRPreloadConfig
                0x00000000       0x40 ..\obj\stm32f4xx_tim.o
 .text.TIM_SelectOnePulseMode
                0x00000000       0x38 ..\obj\stm32f4xx_tim.o
 .text.TIM_SetClockDivision
                0x00000000       0x38 ..\obj\stm32f4xx_tim.o
 .text.TIM_OC1Init
                0x00000000       0xf4 ..\obj\stm32f4xx_tim.o
 .text.TIM_OC2Init
                0x00000000      0x110 ..\obj\stm32f4xx_tim.o
 .text.TIM_OC3Init
                0x00000000      0x10c ..\obj\stm32f4xx_tim.o
 .text.TIM_OC4Init
                0x00000000       0xcc ..\obj\stm32f4xx_tim.o
 .text.TIM_OCStructInit
                0x00000000       0x44 ..\obj\stm32f4xx_tim.o
 .text.TIM_SelectOCxM
                0x00000000       0xac ..\obj\stm32f4xx_tim.o
 .text.TIM_SetCompare1
                0x00000000       0x1c ..\obj\stm32f4xx_tim.o
 .text.TIM_SetCompare2
                0x00000000       0x1c ..\obj\stm32f4xx_tim.o
 .text.TIM_SetCompare3
                0x00000000       0x1c ..\obj\stm32f4xx_tim.o
 .text.TIM_SetCompare4
                0x00000000       0x1c ..\obj\stm32f4xx_tim.o
 .text.TIM_ForcedOC1Config
                0x00000000       0x38 ..\obj\stm32f4xx_tim.o
 .text.TIM_ForcedOC2Config
                0x00000000       0x3c ..\obj\stm32f4xx_tim.o
 .text.TIM_ForcedOC3Config
                0x00000000       0x38 ..\obj\stm32f4xx_tim.o
 .text.TIM_ForcedOC4Config
                0x00000000       0x3c ..\obj\stm32f4xx_tim.o
 .text.TIM_OC1PreloadConfig
                0x00000000       0x38 ..\obj\stm32f4xx_tim.o
 .text.TIM_OC2PreloadConfig
                0x00000000       0x3c ..\obj\stm32f4xx_tim.o
 .text.TIM_OC3PreloadConfig
                0x00000000       0x38 ..\obj\stm32f4xx_tim.o
 .text.TIM_OC4PreloadConfig
                0x00000000       0x3c ..\obj\stm32f4xx_tim.o
 .text.TIM_OC1FastConfig
                0x00000000       0x38 ..\obj\stm32f4xx_tim.o
 .text.TIM_OC2FastConfig
                0x00000000       0x3c ..\obj\stm32f4xx_tim.o
 .text.TIM_OC3FastConfig
                0x00000000       0x38 ..\obj\stm32f4xx_tim.o
 .text.TIM_OC4FastConfig
                0x00000000       0x3c ..\obj\stm32f4xx_tim.o
 .text.TIM_ClearOC1Ref
                0x00000000       0x38 ..\obj\stm32f4xx_tim.o
 .text.TIM_ClearOC2Ref
                0x00000000       0x3c ..\obj\stm32f4xx_tim.o
 .text.TIM_ClearOC3Ref
                0x00000000       0x38 ..\obj\stm32f4xx_tim.o
 .text.TIM_ClearOC4Ref
                0x00000000       0x3c ..\obj\stm32f4xx_tim.o
 .text.TIM_OC1PolarityConfig
                0x00000000       0x38 ..\obj\stm32f4xx_tim.o
 .text.TIM_OC1NPolarityConfig
                0x00000000       0x38 ..\obj\stm32f4xx_tim.o
 .text.TIM_OC2PolarityConfig
                0x00000000       0x3c ..\obj\stm32f4xx_tim.o
 .text.TIM_OC2NPolarityConfig
                0x00000000       0x3c ..\obj\stm32f4xx_tim.o
 .text.TIM_OC3PolarityConfig
                0x00000000       0x3c ..\obj\stm32f4xx_tim.o
 .text.TIM_OC3NPolarityConfig
                0x00000000       0x3c ..\obj\stm32f4xx_tim.o
 .text.TIM_OC4PolarityConfig
                0x00000000       0x3c ..\obj\stm32f4xx_tim.o
 .text.TIM_CCxCmd
                0x00000000       0x54 ..\obj\stm32f4xx_tim.o
 .text.TIM_CCxNCmd
                0x00000000       0x54 ..\obj\stm32f4xx_tim.o
 .text.TIM_ICInit
                0x00000000       0xa8 ..\obj\stm32f4xx_tim.o
 .text.TIM_ICStructInit
                0x00000000       0x30 ..\obj\stm32f4xx_tim.o
 .text.TIM_PWMIConfig
                0x00000000       0xb8 ..\obj\stm32f4xx_tim.o
 .text.TIM_GetCapture1
                0x00000000       0x18 ..\obj\stm32f4xx_tim.o
 .text.TIM_GetCapture2
                0x00000000       0x18 ..\obj\stm32f4xx_tim.o
 .text.TIM_GetCapture3
                0x00000000       0x18 ..\obj\stm32f4xx_tim.o
 .text.TIM_GetCapture4
                0x00000000       0x18 ..\obj\stm32f4xx_tim.o
 .text.TIM_SetIC1Prescaler
                0x00000000       0x38 ..\obj\stm32f4xx_tim.o
 .text.TIM_SetIC2Prescaler
                0x00000000       0x3c ..\obj\stm32f4xx_tim.o
 .text.TIM_SetIC3Prescaler
                0x00000000       0x38 ..\obj\stm32f4xx_tim.o
 .text.TIM_SetIC4Prescaler
                0x00000000       0x3c ..\obj\stm32f4xx_tim.o
 .text.TIM_BDTRConfig
                0x00000000       0x50 ..\obj\stm32f4xx_tim.o
 .text.TIM_BDTRStructInit
                0x00000000       0x3c ..\obj\stm32f4xx_tim.o
 .text.TIM_CtrlPWMOutputs
                0x00000000       0x4c ..\obj\stm32f4xx_tim.o
 .text.TIM_SelectCOM
                0x00000000       0x40 ..\obj\stm32f4xx_tim.o
 .text.TIM_CCPreloadControl
                0x00000000       0x40 ..\obj\stm32f4xx_tim.o
 .text.TIM_GenerateEvent
                0x00000000       0x1c ..\obj\stm32f4xx_tim.o
 .text.TIM_GetFlagStatus
                0x00000000       0x38 ..\obj\stm32f4xx_tim.o
 .text.TIM_ClearFlag
                0x00000000       0x20 ..\obj\stm32f4xx_tim.o
 .text.TIM_DMAConfig
                0x00000000       0x28 ..\obj\stm32f4xx_tim.o
 .text.TIM_DMACmd
                0x00000000       0x48 ..\obj\stm32f4xx_tim.o
 .text.TIM_SelectCCDMA
                0x00000000       0x40 ..\obj\stm32f4xx_tim.o
 .text.TIM_InternalClockConfig
                0x00000000       0x24 ..\obj\stm32f4xx_tim.o
 .text.TIM_ITRxExternalClockConfig
                0x00000000       0x2c ..\obj\stm32f4xx_tim.o
 .text.TIM_TIxExternalClockConfig
                0x00000000       0x54 ..\obj\stm32f4xx_tim.o
 .text.TIM_ETRClockMode1Config
                0x00000000       0x50 ..\obj\stm32f4xx_tim.o
 .text.TIM_ETRClockMode2Config
                0x00000000       0x30 ..\obj\stm32f4xx_tim.o
 .text.TIM_SelectInputTrigger
                0x00000000       0x38 ..\obj\stm32f4xx_tim.o
 .text.TIM_SelectOutputTrigger
                0x00000000       0x38 ..\obj\stm32f4xx_tim.o
 .text.TIM_SelectSlaveMode
                0x00000000       0x38 ..\obj\stm32f4xx_tim.o
 .text.TIM_SelectMasterSlaveMode
                0x00000000       0x38 ..\obj\stm32f4xx_tim.o
 .text.TIM_ETRConfig
                0x00000000       0x48 ..\obj\stm32f4xx_tim.o
 .text.TIM_EncoderInterfaceConfig
                0x00000000       0x8c ..\obj\stm32f4xx_tim.o
 .text.TIM_SelectHallSensor
                0x00000000       0x40 ..\obj\stm32f4xx_tim.o
 .text.TIM_RemapConfig
                0x00000000       0x20 ..\obj\stm32f4xx_tim.o
 .text.TI1_Config
                0x00000000       0x78 ..\obj\stm32f4xx_tim.o
 .text.TI2_Config
                0x00000000       0x8c ..\obj\stm32f4xx_tim.o
 .text.TI3_Config
                0x00000000       0x84 ..\obj\stm32f4xx_tim.o
 .text.TI4_Config
                0x00000000       0x90 ..\obj\stm32f4xx_tim.o

Memory Configuration

Name             Origin             Length             Attributes
rom              0x08000000         0x00040000         xr
ram              0x20000000         0x00010000         xrw
*default*        0x00000000         0xffffffff

Linker script and memory map

                0x20010000                _eram = 0x20010000

.text           0x08000000      0x9d8
 *(.isr_vector)
 .isr_vector    0x08000000      0x188 ..\obj\startup_stm32f4xx.o
                0x08000000                g_pfnVectors
 *(.text*)
 .text.SYSCFG_EXTILineConfig
                0x08000188       0x7c ..\obj\stm32f4xx_syscfg.o
                0x08000188                SYSCFG_EXTILineConfig
 .text.Default_Reset_Handler
                0x08000204       0x5c ..\obj\startup_stm32f4xx.o
                0x08000204                Default_Reset_Handler
                0x08000204                Reset_Handler
 .text.Default_Handler
                0x08000260        0x8 ..\obj\startup_stm32f4xx.o
                0x08000260                RTC_Alarm_IRQHandler
                0x08000260                HASH_RNG_IRQHandler
                0x08000260                EXTI2_IRQHandler
                0x08000260                TIM8_CC_IRQHandler
                0x08000260                DebugMon_Handler
                0x08000260                TIM1_CC_IRQHandler
                0x08000260                DMA2_Stream5_IRQHandler
                0x08000260                HardFault_Handler
                0x08000260                DMA1_Stream5_IRQHandler
                0x08000260                SysTick_Handler
                0x08000260                PVD_IRQHandler
                0x08000260                SDIO_IRQHandler
                0x08000260                TAMP_STAMP_IRQHandler
                0x08000260                PendSV_Handler
                0x08000260                NMI_Handler
                0x08000260                CAN2_RX1_IRQHandler
                0x08000260                EXTI3_IRQHandler
                0x08000260                TIM8_TRG_COM_TIM14_IRQHandler
                0x08000260                TIM1_UP_TIM10_IRQHandler
                0x08000260                TIM8_UP_TIM13_IRQHandler
                0x08000260                I2C3_ER_IRQHandler
                0x08000260                I2C2_EV_IRQHandler
                0x08000260                DMA1_Stream2_IRQHandler
                0x08000260                CAN1_RX0_IRQHandler
                0x08000260                FPU_IRQHandler
                0x08000260                OTG_HS_WKUP_IRQHandler
                0x08000260                UsageFault_Handler
                0x08000260                CAN2_SCE_IRQHandler
                0x08000260                DMA2_Stream2_IRQHandler
                0x08000260                SPI1_IRQHandler
                0x08000260                TIM6_DAC_IRQHandler
                0x08000260                TIM1_BRK_TIM9_IRQHandler
                0x08000260                DCMI_IRQHandler
                0x08000260                CAN2_RX0_IRQHandler
                0x08000260                DMA2_Stream3_IRQHandler
                0x08000260                USART6_IRQHandler
                0x08000260                USART3_IRQHandler
                0x08000260                CRYP_IRQHandler
                0x08000260                CAN1_RX1_IRQHandler
                0x08000260                UART5_IRQHandler
                0x08000260                DMA2_Stream0_IRQHandler
                0x08000260                TIM4_IRQHandler
                0x08000260                I2C1_EV_IRQHandler
                0x08000260                DMA1_Stream6_IRQHandler
                0x08000260                DMA1_Stream1_IRQHandler
                0x08000260                UART4_IRQHandler
                0x08000260                TIM3_IRQHandler
                0x08000260                RCC_IRQHandler
                0x08000260                TIM8_BRK_TIM12_IRQHandler
                0x08000260                EXTI15_10_IRQHandler
                0x08000260                ADC_IRQHandler
                0x08000260                DMA1_Stream7_IRQHandler
                0x08000260                TIM7_IRQHandler
                0x08000260                CAN2_TX_IRQHandler
                0x08000260                TIM5_IRQHandler
                0x08000260                DMA2_Stream7_IRQHandler
                0x08000260                I2C3_EV_IRQHandler
                0x08000260                EXTI9_5_IRQHandler
                0x08000260                RTC_WKUP_IRQHandler
                0x08000260                ETH_WKUP_IRQHandler
                0x08000260                SPI2_IRQHandler
                0x08000260                OTG_HS_EP1_IN_IRQHandler
                0x08000260                MemManage_Handler
                0x08000260                DMA1_Stream0_IRQHandler
                0x08000260                CAN1_TX_IRQHandler
                0x08000260                SVC_Handler
                0x08000260                EXTI4_IRQHandler
                0x08000260                FSMC_IRQHandler
                0x08000260                ETH_IRQHandler
                0x08000260                OTG_HS_EP1_OUT_IRQHandler
                0x08000260                WWDG_IRQHandler
                0x08000260                OTG_FS_WKUP_IRQHandler
                0x08000260                TIM1_TRG_COM_TIM11_IRQHandler
                0x08000260                OTG_HS_IRQHandler
                0x08000260                EXTI1_IRQHandler
                0x08000260                USART2_IRQHandler
                0x08000260                I2C2_ER_IRQHandler
                0x08000260                DMA2_Stream1_IRQHandler
                0x08000260                CAN1_SCE_IRQHandler
                0x08000260                FLASH_IRQHandler
                0x08000260                DMA2_Stream4_IRQHandler
                0x08000260                BusFault_Handler
                0x08000260                USART1_IRQHandler
                0x08000260                OTG_FS_IRQHandler
                0x08000260                SPI3_IRQHandler
                0x08000260                DMA1_Stream4_IRQHandler
                0x08000260                I2C1_ER_IRQHandler
                0x08000260                DMA2_Stream6_IRQHandler
                0x08000260                DMA1_Stream3_IRQHandler
 .text.main     0x08000268        0xc ..\obj\main.o
                0x08000268                main
 .text.APP_ISR_sw
                0x08000274       0x18 ..\obj\main.o
                0x08000274                APP_ISR_sw
 .text.APP_ISR_1ms
                0x0800028c       0x28 ..\obj\main.o
                0x0800028c                APP_ISR_1ms
 .text.RCC_AHB1PeriphClockCmd
                0x080002b4       0x3c ..\obj\stm32f4xx_rcc.o
                0x080002b4                RCC_AHB1PeriphClockCmd
 .text.RCC_APB1PeriphClockCmd
                0x080002f0       0x3c ..\obj\stm32f4xx_rcc.o
                0x080002f0                RCC_APB1PeriphClockCmd
 .text.GPIO_Init
                0x0800032c      0x11c ..\obj\stm32f4xx_gpio.o
                0x0800032c                GPIO_Init
 .text.GPIO_ToggleBits
                0x08000448       0x24 ..\obj\stm32f4xx_gpio.o
                0x08000448                GPIO_ToggleBits
 .text.led_toggle
                0x0800046c       0x30 ..\obj\bsp.o
                0x0800046c                led_toggle
 .text.EXTI0_IRQHandler
                0x0800049c       0x1c ..\obj\bsp.o
                0x0800049c                EXTI0_IRQHandler
 .text.TIM2_IRQHandler
                0x080004b8       0x24 ..\obj\bsp.o
                0x080004b8                TIM2_IRQHandler
 .text.bsp_init
                0x080004dc       0x14 ..\obj\bsp.o
                0x080004dc                bsp_init
 .text.bsp_led_init
                0x080004f0       0x40 ..\obj\bsp.o
                0x080004f0                bsp_led_init
 .text.bsp_sw_init
                0x08000530       0x74 ..\obj\bsp.o
                0x08000530                bsp_sw_init
 .text.bsp_timer_config
                0x080005a4       0x60 ..\obj\bsp.o
                0x080005a4                bsp_timer_config
 .text.EXTI_Init
                0x08000604       0xdc ..\obj\stm32f4xx_exti.o
                0x08000604                EXTI_Init
 .text.EXTI_ClearFlag
                0x080006e0       0x1c ..\obj\stm32f4xx_exti.o
                0x080006e0                EXTI_ClearFlag
 .text.EXTI_GetITStatus
                0x080006fc       0x48 ..\obj\stm32f4xx_exti.o
                0x080006fc                EXTI_GetITStatus
 .text.NVIC_Init
                0x08000744       0xbc ..\obj\misc.o
                0x08000744                NVIC_Init
 .text.TIM_TimeBaseInit
                0x08000800       0xd4 ..\obj\stm32f4xx_tim.o
                0x08000800                TIM_TimeBaseInit
 .text.TIM_Cmd  0x080008d4       0x40 ..\obj\stm32f4xx_tim.o
                0x080008d4                TIM_Cmd
 .text.TIM_ITConfig
                0x08000914       0x48 ..\obj\stm32f4xx_tim.o
                0x08000914                TIM_ITConfig
 .text.TIM_GetITStatus
                0x0800095c       0x54 ..\obj\stm32f4xx_tim.o
                0x0800095c                TIM_GetITStatus
 .text.TIM_ClearITPendingBit
                0x080009b0       0x20 ..\obj\stm32f4xx_tim.o
                0x080009b0                TIM_ClearITPendingBit
 *(.init)
 *(.fini)
 *crtbegin.o(.ctors)
 *crtbegin?.o(.ctors)
 *(EXCLUDE_FILE(*crtend.o *crtend?.o) .ctors)
 *(SORT(.ctors.*))
 *(.ctors)
 *crtbegin.o(.dtors)
 *crtbegin?.o(.dtors)
 *(EXCLUDE_FILE(*crtend.o *crtend?.o) .dtors)
 *(SORT(.dtors.*))
 *(.dtors)
 *(.rodata*)
 .rodata        0x080009d0        0x8 ..\obj\bsp.o
                0x080009d0                leds
 *(.eh_fram e*)

.glue_7         0x080009d8        0x0
 .glue_7        0x00000000        0x0 linker stubs

.glue_7t        0x080009d8        0x0
 .glue_7t       0x00000000        0x0 linker stubs

.vfp11_veneer   0x080009d8        0x0
 .vfp11_veneer  0x00000000        0x0 linker stubs

.v4_bx          0x080009d8        0x0
 .v4_bx         0x00000000        0x0 linker stubs

.iplt           0x080009d8        0x0
 .iplt          0x00000000        0x0 ..\obj\stm32f4xx_syscfg.o

.rel.dyn        0x080009d8        0x0
 .rel.iplt      0x00000000        0x0 ..\obj\stm32f4xx_syscfg.o

.ARM.extab
 *(.ARM.extab* .gnu.linkonce.armextab.*)
                0x080009d8                __exidx_start = .

.ARM.exidx
 *(.ARM.exidx* .gnu.linkonce.armexidx.*)
                0x080009d8                __exidx_end = .
                0x080009d8                __etext = .
                0x080009d8                _sidata = __etext

.data           0x20000000       0x10 load address 0x080009d8
                0x20000000                __data_start__ = .
                0x20000000                _sdata = __data_start__
 *(vtable)
 *(.data*)
 .data          0x20000000       0x10 ..\obj\bsp.o
                0x20000000                leds_port
                0x20000010                . = ALIGN (0x4)
                0x20000010                PROVIDE (__preinit_array_start, .)
 *(.preinit_array)
                0x20000010                PROVIDE (__preinit_array_end, .)
                0x20000010                . = ALIGN (0x4)
                0x20000010                PROVIDE (__init_array_start, .)
 *(SORT(.init_array.*))
 *(.init_array)
                0x20000010                PROVIDE (__init_array_end, .)
                0x20000010                . = ALIGN (0x4)
                0x20000010                PROVIDE (__fini_array_start, .)
 *(SORT(.fini_array.*))
 *(.fini_array)
                0x20000010                PROVIDE (__fini_array_end, .)
 *(.jcr*)
                0x20000010                . = ALIGN (0x4)
                0x20000010                __data_end__ = .
                0x20000010                _edata = __data_end__

.igot.plt       0x20000010        0x0 load address 0x080009e8
 .igot.plt      0x00000000        0x0 ..\obj\stm32f4xx_syscfg.o

.bss            0x20000010        0x4 load address 0x080009e8
                0x20000010                . = ALIGN (0x4)
                0x20000010                __bss_start__ = .
                0x20000010                _sbss = __bss_start__
 *(.bss*)
 .bss           0x20000010        0x2 ..\obj\main.o
 *(COMMON)
                0x20000014                . = ALIGN (0x4)
 *fill*         0x20000012        0x2 
                0x20000014                __bss_end__ = .
                0x20000014                _ebss = __bss_end__

.heap           0x20000014        0x0
                0x20000014                __end__ = .
                0x20000014                _end = __end__
                0x20000014                end = __end__
 *(.heap*)
                0x20000014                __HeapLimit = .

.co_stack       0x20000014      0x804 load address 0x080009ec
                0x20000018                . = ALIGN (0x8)
 *fill*         0x20000014        0x4 
 *(.co_stack .co_stack.*)
 .co_stack      0x20000018      0x800 ..\obj\startup_stm32f4xx.o
                0x20000018                pulStack
                0x20010000                __StackTop = (ORIGIN (ram) + 0x10000)
                0x2000f7fc                __StackLimit = (__StackTop - SIZEOF (.co_stack))
                0x20010000                PROVIDE (__stack, __StackTop)
                0x00000001                ASSERT ((__StackLimit >= __HeapLimit), region ram  overflowed with stack)
LOAD ..\obj\stm32f4xx_syscfg.o
LOAD ..\obj\startup_stm32f4xx.o
LOAD ..\obj\main.o
LOAD ..\obj\stm32f4xx_rcc.o
LOAD ..\obj\stm32f4xx_gpio.o
LOAD ..\obj\system_stm32f4xx.o
LOAD ..\obj\bsp.o
LOAD ..\obj\stm32f4xx_exti.o
LOAD ..\obj\misc.o
LOAD ..\obj\stm32f4xx_tim.o
START GROUP
LOAD c:/program files (x86)/gnu tools arm embedded/4.8 2014q2/bin/../lib/gcc/arm-none-eabi/4.8.4/armv7e-m\libgcc.a
LOAD c:/program files (x86)/gnu tools arm embedded/4.8 2014q2/bin/../lib/gcc/arm-none-eabi/4.8.4/../../../../arm-none-eabi/lib/armv7e-m\libg.a
LOAD c:/program files (x86)/gnu tools arm embedded/4.8 2014q2/bin/../lib/gcc/arm-none-eabi/4.8.4/../../../../arm-none-eabi/lib/armv7e-m\libc.a
END GROUP
OUTPUT(TP4a.elf elf32-littlearm)

.debug_info     0x00000000     0x45da
 .debug_info    0x00000000      0x26c ..\obj\stm32f4xx_syscfg.o
 .debug_info    0x0000026c       0xed ..\obj\startup_stm32f4xx.o
 .debug_info    0x00000359      0x177 ..\obj\main.o
 .debug_info    0x000004d0      0xc4d ..\obj\stm32f4xx_rcc.o
 .debug_info    0x0000111d      0x602 ..\obj\stm32f4xx_gpio.o
 .debug_info    0x0000171f      0x9d6 ..\obj\bsp.o
 .debug_info    0x000020f5      0x347 ..\obj\stm32f4xx_exti.o
 .debug_info    0x0000243c      0x53d ..\obj\misc.o
 .debug_info    0x00002979     0x1c61 ..\obj\stm32f4xx_tim.o

.debug_abbrev   0x00000000      0xc74
 .debug_abbrev  0x00000000      0x131 ..\obj\stm32f4xx_syscfg.o
 .debug_abbrev  0x00000131       0xb0 ..\obj\startup_stm32f4xx.o
 .debug_abbrev  0x000001e1       0xee ..\obj\main.o
 .debug_abbrev  0x000002cf      0x1e3 ..\obj\stm32f4xx_rcc.o
 .debug_abbrev  0x000004b2      0x1a3 ..\obj\stm32f4xx_gpio.o
 .debug_abbrev  0x00000655      0x1ae ..\obj\bsp.o
 .debug_abbrev  0x00000803      0x1a5 ..\obj\stm32f4xx_exti.o
 .debug_abbrev  0x000009a8      0x145 ..\obj\misc.o
 .debug_abbrev  0x00000aed      0x187 ..\obj\stm32f4xx_tim.o

.debug_aranges  0x00000000      0x6a8
 .debug_aranges
                0x00000000       0x48 ..\obj\stm32f4xx_syscfg.o
 .debug_aranges
                0x00000048       0x28 ..\obj\startup_stm32f4xx.o
 .debug_aranges
                0x00000070       0x40 ..\obj\main.o
 .debug_aranges
                0x000000b0      0x178 ..\obj\stm32f4xx_rcc.o
 .debug_aranges
                0x00000228       0x88 ..\obj\stm32f4xx_gpio.o
 .debug_aranges
                0x000002b0       0x68 ..\obj\bsp.o
 .debug_aranges
                0x00000318       0x58 ..\obj\stm32f4xx_exti.o
 .debug_aranges
                0x00000370       0x40 ..\obj\misc.o
 .debug_aranges
                0x000003b0      0x2f8 ..\obj\stm32f4xx_tim.o

.debug_ranges   0x00000000      0x618
 .debug_ranges  0x00000000       0x38 ..\obj\stm32f4xx_syscfg.o
 .debug_ranges  0x00000038       0x18 ..\obj\startup_stm32f4xx.o
 .debug_ranges  0x00000050       0x30 ..\obj\main.o
 .debug_ranges  0x00000080      0x168 ..\obj\stm32f4xx_rcc.o
 .debug_ranges  0x000001e8       0x78 ..\obj\stm32f4xx_gpio.o
 .debug_ranges  0x00000260       0x58 ..\obj\bsp.o
 .debug_ranges  0x000002b8       0x48 ..\obj\stm32f4xx_exti.o
 .debug_ranges  0x00000300       0x30 ..\obj\misc.o
 .debug_ranges  0x00000330      0x2e8 ..\obj\stm32f4xx_tim.o

.debug_line     0x00000000     0x237c
 .debug_line    0x00000000      0x28c ..\obj\stm32f4xx_syscfg.o
 .debug_line    0x0000028c       0xc3 ..\obj\startup_stm32f4xx.o
 .debug_line    0x0000034f      0x19d ..\obj\main.o
 .debug_line    0x000004ec      0x631 ..\obj\stm32f4xx_rcc.o
 .debug_line    0x00000b1d      0x3d6 ..\obj\stm32f4xx_gpio.o
 .debug_line    0x00000ef3      0x375 ..\obj\bsp.o
 .debug_line    0x00001268      0x33c ..\obj\stm32f4xx_exti.o
 .debug_line    0x000015a4      0x2dc ..\obj\misc.o
 .debug_line    0x00001880      0xafc ..\obj\stm32f4xx_tim.o

.debug_str      0x00000000     0x2419
 .debug_str     0x00000000      0x2b8 ..\obj\stm32f4xx_syscfg.o
                                0x316 (size before relaxing)
 .debug_str     0x000002b8       0xd2 ..\obj\startup_stm32f4xx.o
                                0x169 (size before relaxing)
 .debug_str     0x0000038a       0xaa ..\obj\main.o
                                0x1d9 (size before relaxing)
 .debug_str     0x00000434      0x6a4 ..\obj\stm32f4xx_rcc.o
                                0x872 (size before relaxing)
 .debug_str     0x00000ad8      0x344 ..\obj\stm32f4xx_gpio.o
                                0x4c5 (size before relaxing)
 .debug_str     0x00000e1c      0x84f ..\obj\bsp.o
                                0xbd8 (size before relaxing)
 .debug_str     0x0000166b      0x12f ..\obj\stm32f4xx_exti.o
                                0x37b (size before relaxing)
 .debug_str     0x0000179a      0x1d7 ..\obj\misc.o
                                0x3f0 (size before relaxing)
 .debug_str     0x00001971      0xaa8 ..\obj\stm32f4xx_tim.o
                                0xdf2 (size before relaxing)

.comment        0x00000000       0x70
 .comment       0x00000000       0x70 ..\obj\stm32f4xx_syscfg.o
                                 0x71 (size before relaxing)
 .comment       0x00000000       0x71 ..\obj\startup_stm32f4xx.o
 .comment       0x00000000       0x71 ..\obj\main.o
 .comment       0x00000000       0x71 ..\obj\stm32f4xx_rcc.o
 .comment       0x00000000       0x71 ..\obj\stm32f4xx_gpio.o
 .comment       0x00000000       0x71 ..\obj\bsp.o
 .comment       0x00000000       0x71 ..\obj\stm32f4xx_exti.o
 .comment       0x00000000       0x71 ..\obj\misc.o
 .comment       0x00000000       0x71 ..\obj\stm32f4xx_tim.o

.ARM.attributes
                0x00000000       0x33
 .ARM.attributes
                0x00000000       0x33 ..\obj\stm32f4xx_syscfg.o
 .ARM.attributes
                0x00000033       0x33 ..\obj\startup_stm32f4xx.o
 .ARM.attributes
                0x00000066       0x33 ..\obj\main.o
 .ARM.attributes
                0x00000099       0x33 ..\obj\stm32f4xx_rcc.o
 .ARM.attributes
                0x000000cc       0x33 ..\obj\stm32f4xx_gpio.o
 .ARM.attributes
                0x000000ff       0x33 ..\obj\bsp.o
 .ARM.attributes
                0x00000132       0x33 ..\obj\stm32f4xx_exti.o
 .ARM.attributes
                0x00000165       0x33 ..\obj\misc.o
 .ARM.attributes
                0x00000198       0x33 ..\obj\stm32f4xx_tim.o

.debug_frame    0x00000000     0x151c
 .debug_frame   0x00000000       0xbc ..\obj\stm32f4xx_syscfg.o
 .debug_frame   0x000000bc       0x48 ..\obj\startup_stm32f4xx.o
 .debug_frame   0x00000104       0xa0 ..\obj\main.o
 .debug_frame   0x000001a4      0x4d8 ..\obj\stm32f4xx_rcc.o
 .debug_frame   0x0000067c      0x19c ..\obj\stm32f4xx_gpio.o
 .debug_frame   0x00000818      0x140 ..\obj\bsp.o
 .debug_frame   0x00000958       0xec ..\obj\stm32f4xx_exti.o
 .debug_frame   0x00000a44       0x9c ..\obj\misc.o
 .debug_frame   0x00000ae0      0xa3c ..\obj\stm32f4xx_tim.o
